ENUM_TYPE_OWNERSHIP_MATERIALIZED
ENUM_TYPE_OWNERSHIP_V2_MANIFEST_OK
src/frontend/ast.c
src/frontend/ast.h
src/frontend/ast_verifier.c
src/frontend/const_eval.c
src/frontend/expression_semantics.c
src/frontend/parser_expression.c
src/frontend/parser_statement.c
src/target/data_layout.c
src/target/riscv64/codegen_expression.c
src/target/riscv64/codegen_internal.h
src/target/riscv64/codegen_statement.c
src/target/riscv64/codegen_support.c
src/target/riscv64/core_codegen.c
src/target/target_info.c
src/target/target_info.h
tests/compiler/c0/enum_forward_completion.c
tests/compiler/c0/run-enum-forward-completion.sh
tests/compiler/c0/run.sh
PASS format mode=check formatter=clang-format-18 files=68 scope=include,src,tools/minic
cc  -Iinclude -Isrc -std=c11 -Wall -Wextra -Wpedantic -Wconversion -Wshadow -Wstrict-prototypes -Wmissing-prototypes -O2 -DNDEBUG -Werror -MMD -MP -c "src/core/core_ir.c" -o "build/product-enum-type/obj/src/core/core_ir.o"
cc  -Iinclude -Isrc -std=c11 -Wall -Wextra -Wpedantic -Wconversion -Wshadow -Wstrict-prototypes -Wmissing-prototypes -O2 -DNDEBUG -Werror -MMD -MP -c "src/compiler/compiler.c" -o "build/product-enum-type/obj/src/compiler/compiler.o"
cc  -Iinclude -Isrc -std=c11 -Wall -Wextra -Wpedantic -Wconversion -Wshadow -Wstrict-prototypes -Wmissing-prototypes -O2 -DNDEBUG -Werror -MMD -MP -c "src/frontend/attribute.c" -o "build/product-enum-type/obj/src/frontend/attribute.o"
cc  -Iinclude -Isrc -std=c11 -Wall -Wextra -Wpedantic -Wconversion -Wshadow -Wstrict-prototypes -Wmissing-prototypes -O2 -DNDEBUG -Werror -MMD -MP -c "src/core/core_lower.c" -o "build/product-enum-type/obj/src/core/core_lower.o"
cc  -Iinclude -Isrc -std=c11 -Wall -Wextra -Wpedantic -Wconversion -Wshadow -Wstrict-prototypes -Wmissing-prototypes -O2 -DNDEBUG -Werror -MMD -MP -c "src/frontend/ast.c" -o "build/product-enum-type/obj/src/frontend/ast.o"
cc  -Iinclude -Isrc -std=c11 -Wall -Wextra -Wpedantic -Wconversion -Wshadow -Wstrict-prototypes -Wmissing-prototypes -O2 -DNDEBUG -Werror -MMD -MP -c "src/frontend/expression_semantics.c" -o "build/product-enum-type/obj/src/frontend/expression_semantics.o"
cc  -Iinclude -Isrc -std=c11 -Wall -Wextra -Wpedantic -Wconversion -Wshadow -Wstrict-prototypes -Wmissing-prototypes -O2 -DNDEBUG -Werror -MMD -MP -c "src/frontend/ast_traversal.c" -o "build/product-enum-type/obj/src/frontend/ast_traversal.o"
cc  -Iinclude -Isrc -std=c11 -Wall -Wextra -Wpedantic -Wconversion -Wshadow -Wstrict-prototypes -Wmissing-prototypes -O2 -DNDEBUG -Werror -MMD -MP -c "src/frontend/function_body.c" -o "build/product-enum-type/obj/src/frontend/function_body.o"
cc  -Iinclude -Isrc -std=c11 -Wall -Wextra -Wpedantic -Wconversion -Wshadow -Wstrict-prototypes -Wmissing-prototypes -O2 -DNDEBUG -Werror -MMD -MP -c "src/frontend/ast_verifier.c" -o "build/product-enum-type/obj/src/frontend/ast_verifier.o"
cc  -Iinclude -Isrc -std=c11 -Wall -Wextra -Wpedantic -Wconversion -Wshadow -Wstrict-prototypes -Wmissing-prototypes -O2 -DNDEBUG -Werror -MMD -MP -c "src/frontend/cast_normalization.c" -o "build/product-enum-type/obj/src/frontend/cast_normalization.o"
cc  -Iinclude -Isrc -std=c11 -Wall -Wextra -Wpedantic -Wconversion -Wshadow -Wstrict-prototypes -Wmissing-prototypes -O2 -DNDEBUG -Werror -MMD -MP -c "src/frontend/const_eval.c" -o "build/product-enum-type/obj/src/frontend/const_eval.o"
cc  -Iinclude -Isrc -std=c11 -Wall -Wextra -Wpedantic -Wconversion -Wshadow -Wstrict-prototypes -Wmissing-prototypes -O2 -DNDEBUG -Werror -MMD -MP -c "src/frontend/ast_function.c" -o "build/product-enum-type/obj/src/frontend/ast_function.o"
cc  -Iinclude -Isrc -std=c11 -Wall -Wextra -Wpedantic -Wconversion -Wshadow -Wstrict-prototypes -Wmissing-prototypes -O2 -DNDEBUG -Werror -MMD -MP -c "src/frontend/ast_global.c" -o "build/product-enum-type/obj/src/frontend/ast_global.o"
cc  -Iinclude -Isrc -std=c11 -Wall -Wextra -Wpedantic -Wconversion -Wshadow -Wstrict-prototypes -Wmissing-prototypes -O2 -DNDEBUG -Werror -MMD -MP -c "src/frontend/lexer.c" -o "build/product-enum-type/obj/src/frontend/lexer.o"
cc  -Iinclude -Isrc -std=c11 -Wall -Wextra -Wpedantic -Wconversion -Wshadow -Wstrict-prototypes -Wmissing-prototypes -O2 -DNDEBUG -Werror -MMD -MP -c "src/frontend/parser_constant.c" -o "build/product-enum-type/obj/src/frontend/parser_constant.o"
cc  -Iinclude -Isrc -std=c11 -Wall -Wextra -Wpedantic -Wconversion -Wshadow -Wstrict-prototypes -Wmissing-prototypes -O2 -DNDEBUG -Werror -MMD -MP -c "src/frontend/parser_attribute.c" -o "build/product-enum-type/obj/src/frontend/parser_attribute.o"
cc  -Iinclude -Isrc -std=c11 -Wall -Wextra -Wpedantic -Wconversion -Wshadow -Wstrict-prototypes -Wmissing-prototypes -O2 -DNDEBUG -Werror -MMD -MP -c "src/frontend/parser_declarator.c" -o "build/product-enum-type/obj/src/frontend/parser_declarator.o"
cc  -Iinclude -Isrc -std=c11 -Wall -Wextra -Wpedantic -Wconversion -Wshadow -Wstrict-prototypes -Wmissing-prototypes -O2 -DNDEBUG -Werror -MMD -MP -c "src/frontend/parser_enum.c" -o "build/product-enum-type/obj/src/frontend/parser_enum.o"
cc  -Iinclude -Isrc -std=c11 -Wall -Wextra -Wpedantic -Wconversion -Wshadow -Wstrict-prototypes -Wmissing-prototypes -O2 -DNDEBUG -Werror -MMD -MP -c "src/frontend/parser_core.c" -o "build/product-enum-type/obj/src/frontend/parser_core.o"
cc  -Iinclude -Isrc -std=c11 -Wall -Wextra -Wpedantic -Wconversion -Wshadow -Wstrict-prototypes -Wmissing-prototypes -O2 -DNDEBUG -Werror -MMD -MP -c "src/frontend/parser_expression.c" -o "build/product-enum-type/obj/src/frontend/parser_expression.o"
cc  -Iinclude -Isrc -std=c11 -Wall -Wextra -Wpedantic -Wconversion -Wshadow -Wstrict-prototypes -Wmissing-prototypes -O2 -DNDEBUG -Werror -MMD -MP -c "src/frontend/parser_function.c" -o "build/product-enum-type/obj/src/frontend/parser_function.o"
cc  -Iinclude -Isrc -std=c11 -Wall -Wextra -Wpedantic -Wconversion -Wshadow -Wstrict-prototypes -Wmissing-prototypes -O2 -DNDEBUG -Werror -MMD -MP -c "src/frontend/parser_global.c" -o "build/product-enum-type/obj/src/frontend/parser_global.o"
cc  -Iinclude -Isrc -std=c11 -Wall -Wextra -Wpedantic -Wconversion -Wshadow -Wstrict-prototypes -Wmissing-prototypes -O2 -DNDEBUG -Werror -MMD -MP -c "src/frontend/parser_member.c" -o "build/product-enum-type/obj/src/frontend/parser_member.o"
cc  -Iinclude -Isrc -std=c11 -Wall -Wextra -Wpedantic -Wconversion -Wshadow -Wstrict-prototypes -Wmissing-prototypes -O2 -DNDEBUG -Werror -MMD -MP -c "src/frontend/parser_postfix.c" -o "build/product-enum-type/obj/src/frontend/parser_postfix.o"
cc  -Iinclude -Isrc -std=c11 -Wall -Wextra -Wpedantic -Wconversion -Wshadow -Wstrict-prototypes -Wmissing-prototypes -O2 -DNDEBUG -Werror -MMD -MP -c "src/frontend/parser_record.c" -o "build/product-enum-type/obj/src/frontend/parser_record.o"
cc  -Iinclude -Isrc -std=c11 -Wall -Wextra -Wpedantic -Wconversion -Wshadow -Wstrict-prototypes -Wmissing-prototypes -O2 -DNDEBUG -Werror -MMD -MP -c "src/frontend/parser_static_assert.c" -o "build/product-enum-type/obj/src/frontend/parser_static_assert.o"
cc  -Iinclude -Isrc -std=c11 -Wall -Wextra -Wpedantic -Wconversion -Wshadow -Wstrict-prototypes -Wmissing-prototypes -O2 -DNDEBUG -Werror -MMD -MP -c "src/frontend/parser_statement.c" -o "build/product-enum-type/obj/src/frontend/parser_statement.o"
cc  -Iinclude -Isrc -std=c11 -Wall -Wextra -Wpedantic -Wconversion -Wshadow -Wstrict-prototypes -Wmissing-prototypes -O2 -DNDEBUG -Werror -MMD -MP -c "src/frontend/parser_string.c" -o "build/product-enum-type/obj/src/frontend/parser_string.o"
cc  -Iinclude -Isrc -std=c11 -Wall -Wextra -Wpedantic -Wconversion -Wshadow -Wstrict-prototypes -Wmissing-prototypes -O2 -DNDEBUG -Werror -MMD -MP -c "src/frontend/parser_type.c" -o "build/product-enum-type/obj/src/frontend/parser_type.o"
cc  -Iinclude -Isrc -std=c11 -Wall -Wextra -Wpedantic -Wconversion -Wshadow -Wstrict-prototypes -Wmissing-prototypes -O2 -DNDEBUG -Werror -MMD -MP -c "src/frontend/parser_type_query.c" -o "build/product-enum-type/obj/src/frontend/parser_type_query.o"
cc  -Iinclude -Isrc -std=c11 -Wall -Wextra -Wpedantic -Wconversion -Wshadow -Wstrict-prototypes -Wmissing-prototypes -O2 -DNDEBUG -Werror -MMD -MP -c "src/frontend/parser_typedef.c" -o "build/product-enum-type/obj/src/frontend/parser_typedef.o"
cc  -Iinclude -Isrc -std=c11 -Wall -Wextra -Wpedantic -Wconversion -Wshadow -Wstrict-prototypes -Wmissing-prototypes -O2 -DNDEBUG -Werror -MMD -MP -c "src/frontend/token.c" -o "build/product-enum-type/obj/src/frontend/token.o"
cc  -Iinclude -Isrc -std=c11 -Wall -Wextra -Wpedantic -Wconversion -Wshadow -Wstrict-prototypes -Wmissing-prototypes -O2 -DNDEBUG -Werror -MMD -MP -c "src/frontend/type.c" -o "build/product-enum-type/obj/src/frontend/type.o"
cc  -Iinclude -Isrc -std=c11 -Wall -Wextra -Wpedantic -Wconversion -Wshadow -Wstrict-prototypes -Wmissing-prototypes -O2 -DNDEBUG -Werror -MMD -MP -c "src/target/data_layout.c" -o "build/product-enum-type/obj/src/target/data_layout.o"
cc  -Iinclude -Isrc -std=c11 -Wall -Wextra -Wpedantic -Wconversion -Wshadow -Wstrict-prototypes -Wmissing-prototypes -O2 -DNDEBUG -Werror -MMD -MP -c "src/target/target_info.c" -o "build/product-enum-type/obj/src/target/target_info.o"
cc  -Iinclude -Isrc -std=c11 -Wall -Wextra -Wpedantic -Wconversion -Wshadow -Wstrict-prototypes -Wmissing-prototypes -O2 -DNDEBUG -Werror -MMD -MP -c "src/target/riscv64/abi.c" -o "build/product-enum-type/obj/src/target/riscv64/abi.o"
cc  -Iinclude -Isrc -std=c11 -Wall -Wextra -Wpedantic -Wconversion -Wshadow -Wstrict-prototypes -Wmissing-prototypes -O2 -DNDEBUG -Werror -MMD -MP -c "src/target/riscv64/layout.c" -o "build/product-enum-type/obj/src/target/riscv64/layout.o"
cc  -Iinclude -Isrc -std=c11 -Wall -Wextra -Wpedantic -Wconversion -Wshadow -Wstrict-prototypes -Wmissing-prototypes -O2 -DNDEBUG -Werror -MMD -MP -c "src/target/riscv64/codegen_support.c" -o "build/product-enum-type/obj/src/target/riscv64/codegen_support.o"
cc  -Iinclude -Isrc -std=c11 -Wall -Wextra -Wpedantic -Wconversion -Wshadow -Wstrict-prototypes -Wmissing-prototypes -O2 -DNDEBUG -Werror -MMD -MP -c "src/target/riscv64/core_codegen.c" -o "build/product-enum-type/obj/src/target/riscv64/core_codegen.o"
cc  -Iinclude -Isrc -std=c11 -Wall -Wextra -Wpedantic -Wconversion -Wshadow -Wstrict-prototypes -Wmissing-prototypes -O2 -DNDEBUG -Werror -MMD -MP -c "src/target/riscv64/codegen_expression.c" -o "build/product-enum-type/obj/src/target/riscv64/codegen_expression.o"
src/target/riscv64/codegen_expression.c: In function ‘minic_riscv64_emit_expression_impl’:
src/target/riscv64/codegen_expression.c:1695:57: error: incompatible type for argument 2 of ‘minic_riscv64_emit_double_binary’
 1695 |                 !minic_riscv64_emit_double_binary(file, operator_kind, target->type, value->type)) {
      |                                                         ^~~~~~~~~~~~~
      |                                                         |
      |                                                         MinicBinaryOperator
src/target/riscv64/codegen_expression.c:162:68: note: expected ‘const MinicC0Program *’ but argument is of type ‘MinicBinaryOperator’
  162 |                                              const MinicC0Program *program,
      |                                              ~~~~~~~~~~~~~~~~~~~~~~^~~~~~~
src/target/riscv64/codegen_expression.c:1695:78: error: incompatible type for argument 3 of ‘minic_riscv64_emit_double_binary’
 1695 |                 !minic_riscv64_emit_double_binary(file, operator_kind, target->type, value->type)) {
      |                                                                        ~~~~~~^~~~~~
      |                                                                              |
      |                                                                              MinicType
src/target/riscv64/codegen_expression.c:163:66: note: expected ‘MinicBinaryOperator’ but argument is of type ‘MinicType’
  163 |                                              MinicBinaryOperator operator_kind,
      |                                              ~~~~~~~~~~~~~~~~~~~~^~~~~~~~~~~~~
src/target/riscv64/codegen_expression.c:1695:18: error: too few arguments to function ‘minic_riscv64_emit_double_binary’
 1695 |                 !minic_riscv64_emit_double_binary(file, operator_kind, target->type, value->type)) {
      |                  ^~~~~~~~~~~~~~~~~~~~~~~~~~~~~~~~
src/target/riscv64/codegen_expression.c:161:13: note: declared here
  161 | static bool minic_riscv64_emit_double_binary(FILE *file,
      |             ^~~~~~~~~~~~~~~~~~~~~~~~~~~~~~~~
make: *** [Makefile:219: build/product-enum-type/obj/src/target/riscv64/codegen_expression.o] Error 1
make: *** Waiting for unfinished jobs....
