FIRST500_PARETO_V1_MATERIALIZED
PASS format mode=check formatter=clang-format-18 files=70 scope=include,src,tools/minic
cc  -Iinclude -Isrc -std=c11 -Wall -Wextra -Wpedantic -Wconversion -Wshadow -Wstrict-prototypes -Wmissing-prototypes -O2 -DNDEBUG -Werror -MMD -MP -c "src/compiler/compiler.c" -o "build/product-first500-pareto-v1/obj/src/compiler/compiler.o"
cc  -Iinclude -Isrc -std=c11 -Wall -Wextra -Wpedantic -Wconversion -Wshadow -Wstrict-prototypes -Wmissing-prototypes -O2 -DNDEBUG -Werror -MMD -MP -c "src/core/core_lower.c" -o "build/product-first500-pareto-v1/obj/src/core/core_lower.o"
cc  -Iinclude -Isrc -std=c11 -Wall -Wextra -Wpedantic -Wconversion -Wshadow -Wstrict-prototypes -Wmissing-prototypes -O2 -DNDEBUG -Werror -MMD -MP -c "src/core/core_ir.c" -o "build/product-first500-pareto-v1/obj/src/core/core_ir.o"
cc  -Iinclude -Isrc -std=c11 -Wall -Wextra -Wpedantic -Wconversion -Wshadow -Wstrict-prototypes -Wmissing-prototypes -O2 -DNDEBUG -Werror -MMD -MP -c "src/frontend/attribute.c" -o "build/product-first500-pareto-v1/obj/src/frontend/attribute.o"
cc  -Iinclude -Isrc -std=c11 -Wall -Wextra -Wpedantic -Wconversion -Wshadow -Wstrict-prototypes -Wmissing-prototypes -O2 -DNDEBUG -Werror -MMD -MP -c "src/frontend/ast.c" -o "build/product-first500-pareto-v1/obj/src/frontend/ast.o"
cc  -Iinclude -Isrc -std=c11 -Wall -Wextra -Wpedantic -Wconversion -Wshadow -Wstrict-prototypes -Wmissing-prototypes -O2 -DNDEBUG -Werror -MMD -MP -c "src/frontend/expression_semantics.c" -o "build/product-first500-pareto-v1/obj/src/frontend/expression_semantics.o"
cc  -Iinclude -Isrc -std=c11 -Wall -Wextra -Wpedantic -Wconversion -Wshadow -Wstrict-prototypes -Wmissing-prototypes -O2 -DNDEBUG -Werror -MMD -MP -c "src/frontend/ast_traversal.c" -o "build/product-first500-pareto-v1/obj/src/frontend/ast_traversal.o"
cc  -Iinclude -Isrc -std=c11 -Wall -Wextra -Wpedantic -Wconversion -Wshadow -Wstrict-prototypes -Wmissing-prototypes -O2 -DNDEBUG -Werror -MMD -MP -c "src/frontend/function_body.c" -o "build/product-first500-pareto-v1/obj/src/frontend/function_body.o"
cc  -Iinclude -Isrc -std=c11 -Wall -Wextra -Wpedantic -Wconversion -Wshadow -Wstrict-prototypes -Wmissing-prototypes -O2 -DNDEBUG -Werror -MMD -MP -c "src/frontend/initializer.c" -o "build/product-first500-pareto-v1/obj/src/frontend/initializer.o"
cc  -Iinclude -Isrc -std=c11 -Wall -Wextra -Wpedantic -Wconversion -Wshadow -Wstrict-prototypes -Wmissing-prototypes -O2 -DNDEBUG -Werror -MMD -MP -c "src/frontend/ast_verifier.c" -o "build/product-first500-pareto-v1/obj/src/frontend/ast_verifier.o"
cc  -Iinclude -Isrc -std=c11 -Wall -Wextra -Wpedantic -Wconversion -Wshadow -Wstrict-prototypes -Wmissing-prototypes -O2 -DNDEBUG -Werror -MMD -MP -c "src/frontend/cast_normalization.c" -o "build/product-first500-pareto-v1/obj/src/frontend/cast_normalization.o"
cc  -Iinclude -Isrc -std=c11 -Wall -Wextra -Wpedantic -Wconversion -Wshadow -Wstrict-prototypes -Wmissing-prototypes -O2 -DNDEBUG -Werror -MMD -MP -c "src/frontend/const_eval.c" -o "build/product-first500-pareto-v1/obj/src/frontend/const_eval.o"
cc  -Iinclude -Isrc -std=c11 -Wall -Wextra -Wpedantic -Wconversion -Wshadow -Wstrict-prototypes -Wmissing-prototypes -O2 -DNDEBUG -Werror -MMD -MP -c "src/frontend/ast_function.c" -o "build/product-first500-pareto-v1/obj/src/frontend/ast_function.o"
cc  -Iinclude -Isrc -std=c11 -Wall -Wextra -Wpedantic -Wconversion -Wshadow -Wstrict-prototypes -Wmissing-prototypes -O2 -DNDEBUG -Werror -MMD -MP -c "src/frontend/ast_global.c" -o "build/product-first500-pareto-v1/obj/src/frontend/ast_global.o"
cc  -Iinclude -Isrc -std=c11 -Wall -Wextra -Wpedantic -Wconversion -Wshadow -Wstrict-prototypes -Wmissing-prototypes -O2 -DNDEBUG -Werror -MMD -MP -c "src/frontend/lexer.c" -o "build/product-first500-pareto-v1/obj/src/frontend/lexer.o"
cc  -Iinclude -Isrc -std=c11 -Wall -Wextra -Wpedantic -Wconversion -Wshadow -Wstrict-prototypes -Wmissing-prototypes -O2 -DNDEBUG -Werror -MMD -MP -c "src/frontend/parser_constant.c" -o "build/product-first500-pareto-v1/obj/src/frontend/parser_constant.o"
cc  -Iinclude -Isrc -std=c11 -Wall -Wextra -Wpedantic -Wconversion -Wshadow -Wstrict-prototypes -Wmissing-prototypes -O2 -DNDEBUG -Werror -MMD -MP -c "src/frontend/parser_attribute.c" -o "build/product-first500-pareto-v1/obj/src/frontend/parser_attribute.o"
cc  -Iinclude -Isrc -std=c11 -Wall -Wextra -Wpedantic -Wconversion -Wshadow -Wstrict-prototypes -Wmissing-prototypes -O2 -DNDEBUG -Werror -MMD -MP -c "src/frontend/parser_declarator.c" -o "build/product-first500-pareto-v1/obj/src/frontend/parser_declarator.o"
cc  -Iinclude -Isrc -std=c11 -Wall -Wextra -Wpedantic -Wconversion -Wshadow -Wstrict-prototypes -Wmissing-prototypes -O2 -DNDEBUG -Werror -MMD -MP -c "src/frontend/parser_enum.c" -o "build/product-first500-pareto-v1/obj/src/frontend/parser_enum.o"
cc  -Iinclude -Isrc -std=c11 -Wall -Wextra -Wpedantic -Wconversion -Wshadow -Wstrict-prototypes -Wmissing-prototypes -O2 -DNDEBUG -Werror -MMD -MP -c "src/frontend/parser_core.c" -o "build/product-first500-pareto-v1/obj/src/frontend/parser_core.o"
cc  -Iinclude -Isrc -std=c11 -Wall -Wextra -Wpedantic -Wconversion -Wshadow -Wstrict-prototypes -Wmissing-prototypes -O2 -DNDEBUG -Werror -MMD -MP -c "src/frontend/parser_expression.c" -o "build/product-first500-pareto-v1/obj/src/frontend/parser_expression.o"
cc  -Iinclude -Isrc -std=c11 -Wall -Wextra -Wpedantic -Wconversion -Wshadow -Wstrict-prototypes -Wmissing-prototypes -O2 -DNDEBUG -Werror -MMD -MP -c "src/frontend/parser_function.c" -o "build/product-first500-pareto-v1/obj/src/frontend/parser_function.o"
cc  -Iinclude -Isrc -std=c11 -Wall -Wextra -Wpedantic -Wconversion -Wshadow -Wstrict-prototypes -Wmissing-prototypes -O2 -DNDEBUG -Werror -MMD -MP -c "src/frontend/parser_global.c" -o "build/product-first500-pareto-v1/obj/src/frontend/parser_global.o"
cc  -Iinclude -Isrc -std=c11 -Wall -Wextra -Wpedantic -Wconversion -Wshadow -Wstrict-prototypes -Wmissing-prototypes -O2 -DNDEBUG -Werror -MMD -MP -c "src/frontend/parser_member.c" -o "build/product-first500-pareto-v1/obj/src/frontend/parser_member.o"
cc  -Iinclude -Isrc -std=c11 -Wall -Wextra -Wpedantic -Wconversion -Wshadow -Wstrict-prototypes -Wmissing-prototypes -O2 -DNDEBUG -Werror -MMD -MP -c "src/frontend/parser_postfix.c" -o "build/product-first500-pareto-v1/obj/src/frontend/parser_postfix.o"
cc  -Iinclude -Isrc -std=c11 -Wall -Wextra -Wpedantic -Wconversion -Wshadow -Wstrict-prototypes -Wmissing-prototypes -O2 -DNDEBUG -Werror -MMD -MP -c "src/frontend/parser_record.c" -o "build/product-first500-pareto-v1/obj/src/frontend/parser_record.o"
cc  -Iinclude -Isrc -std=c11 -Wall -Wextra -Wpedantic -Wconversion -Wshadow -Wstrict-prototypes -Wmissing-prototypes -O2 -DNDEBUG -Werror -MMD -MP -c "src/frontend/parser_static_assert.c" -o "build/product-first500-pareto-v1/obj/src/frontend/parser_static_assert.o"
cc  -Iinclude -Isrc -std=c11 -Wall -Wextra -Wpedantic -Wconversion -Wshadow -Wstrict-prototypes -Wmissing-prototypes -O2 -DNDEBUG -Werror -MMD -MP -c "src/frontend/parser_statement.c" -o "build/product-first500-pareto-v1/obj/src/frontend/parser_statement.o"
cc  -Iinclude -Isrc -std=c11 -Wall -Wextra -Wpedantic -Wconversion -Wshadow -Wstrict-prototypes -Wmissing-prototypes -O2 -DNDEBUG -Werror -MMD -MP -c "src/frontend/parser_string.c" -o "build/product-first500-pareto-v1/obj/src/frontend/parser_string.o"
cc  -Iinclude -Isrc -std=c11 -Wall -Wextra -Wpedantic -Wconversion -Wshadow -Wstrict-prototypes -Wmissing-prototypes -O2 -DNDEBUG -Werror -MMD -MP -c "src/frontend/parser_type.c" -o "build/product-first500-pareto-v1/obj/src/frontend/parser_type.o"
cc  -Iinclude -Isrc -std=c11 -Wall -Wextra -Wpedantic -Wconversion -Wshadow -Wstrict-prototypes -Wmissing-prototypes -O2 -DNDEBUG -Werror -MMD -MP -c "src/frontend/parser_type_query.c" -o "build/product-first500-pareto-v1/obj/src/frontend/parser_type_query.o"
cc  -Iinclude -Isrc -std=c11 -Wall -Wextra -Wpedantic -Wconversion -Wshadow -Wstrict-prototypes -Wmissing-prototypes -O2 -DNDEBUG -Werror -MMD -MP -c "src/frontend/parser_typedef.c" -o "build/product-first500-pareto-v1/obj/src/frontend/parser_typedef.o"
cc  -Iinclude -Isrc -std=c11 -Wall -Wextra -Wpedantic -Wconversion -Wshadow -Wstrict-prototypes -Wmissing-prototypes -O2 -DNDEBUG -Werror -MMD -MP -c "src/frontend/token.c" -o "build/product-first500-pareto-v1/obj/src/frontend/token.o"
cc  -Iinclude -Isrc -std=c11 -Wall -Wextra -Wpedantic -Wconversion -Wshadow -Wstrict-prototypes -Wmissing-prototypes -O2 -DNDEBUG -Werror -MMD -MP -c "src/frontend/type.c" -o "build/product-first500-pareto-v1/obj/src/frontend/type.o"
cc  -Iinclude -Isrc -std=c11 -Wall -Wextra -Wpedantic -Wconversion -Wshadow -Wstrict-prototypes -Wmissing-prototypes -O2 -DNDEBUG -Werror -MMD -MP -c "src/target/data_layout.c" -o "build/product-first500-pareto-v1/obj/src/target/data_layout.o"
cc  -Iinclude -Isrc -std=c11 -Wall -Wextra -Wpedantic -Wconversion -Wshadow -Wstrict-prototypes -Wmissing-prototypes -O2 -DNDEBUG -Werror -MMD -MP -c "src/target/target_info.c" -o "build/product-first500-pareto-v1/obj/src/target/target_info.o"
cc  -Iinclude -Isrc -std=c11 -Wall -Wextra -Wpedantic -Wconversion -Wshadow -Wstrict-prototypes -Wmissing-prototypes -O2 -DNDEBUG -Werror -MMD -MP -c "src/target/riscv64/abi.c" -o "build/product-first500-pareto-v1/obj/src/target/riscv64/abi.o"
cc  -Iinclude -Isrc -std=c11 -Wall -Wextra -Wpedantic -Wconversion -Wshadow -Wstrict-prototypes -Wmissing-prototypes -O2 -DNDEBUG -Werror -MMD -MP -c "src/target/riscv64/layout.c" -o "build/product-first500-pareto-v1/obj/src/target/riscv64/layout.o"
cc  -Iinclude -Isrc -std=c11 -Wall -Wextra -Wpedantic -Wconversion -Wshadow -Wstrict-prototypes -Wmissing-prototypes -O2 -DNDEBUG -Werror -MMD -MP -c "src/target/riscv64/codegen_support.c" -o "build/product-first500-pareto-v1/obj/src/target/riscv64/codegen_support.o"
cc  -Iinclude -Isrc -std=c11 -Wall -Wextra -Wpedantic -Wconversion -Wshadow -Wstrict-prototypes -Wmissing-prototypes -O2 -DNDEBUG -Werror -MMD -MP -c "src/target/riscv64/core_codegen.c" -o "build/product-first500-pareto-v1/obj/src/target/riscv64/core_codegen.o"
cc  -Iinclude -Isrc -std=c11 -Wall -Wextra -Wpedantic -Wconversion -Wshadow -Wstrict-prototypes -Wmissing-prototypes -O2 -DNDEBUG -Werror -MMD -MP -c "src/target/riscv64/codegen_expression.c" -o "build/product-first500-pareto-v1/obj/src/target/riscv64/codegen_expression.o"
cc  -Iinclude -Isrc -std=c11 -Wall -Wextra -Wpedantic -Wconversion -Wshadow -Wstrict-prototypes -Wmissing-prototypes -O2 -DNDEBUG -Werror -MMD -MP -c "src/target/riscv64/codegen_inline_asm.c" -o "build/product-first500-pareto-v1/obj/src/target/riscv64/codegen_inline_asm.o"
cc  -Iinclude -Isrc -std=c11 -Wall -Wextra -Wpedantic -Wconversion -Wshadow -Wstrict-prototypes -Wmissing-prototypes -O2 -DNDEBUG -Werror -MMD -MP -c "src/target/riscv64/codegen_statement.c" -o "build/product-first500-pareto-v1/obj/src/target/riscv64/codegen_statement.o"
cc  -Iinclude -Isrc -std=c11 -Wall -Wextra -Wpedantic -Wconversion -Wshadow -Wstrict-prototypes -Wmissing-prototypes -O2 -DNDEBUG -Werror -MMD -MP -c "src/target/riscv64/codegen_function.c" -o "build/product-first500-pareto-v1/obj/src/target/riscv64/codegen_function.o"
cc  -Iinclude -Isrc -std=c11 -Wall -Wextra -Wpedantic -Wconversion -Wshadow -Wstrict-prototypes -Wmissing-prototypes -O2 -DNDEBUG -Werror -MMD -MP -c "tools/minic/main.c" -o "build/product-first500-pareto-v1/obj/tools/minic/main.o"
cc build/product-first500-pareto-v1/obj/src/compiler/compiler.o build/product-first500-pareto-v1/obj/src/core/core_ir.o build/product-first500-pareto-v1/obj/src/core/core_lower.o build/product-first500-pareto-v1/obj/src/frontend/attribute.o build/product-first500-pareto-v1/obj/src/frontend/ast.o build/product-first500-pareto-v1/obj/src/frontend/expression_semantics.o build/product-first500-pareto-v1/obj/src/frontend/ast_traversal.o build/product-first500-pareto-v1/obj/src/frontend/function_body.o build/product-first500-pareto-v1/obj/src/frontend/initializer.o build/product-first500-pareto-v1/obj/src/frontend/ast_verifier.o build/product-first500-pareto-v1/obj/src/frontend/cast_normalization.o build/product-first500-pareto-v1/obj/src/frontend/const_eval.o build/product-first500-pareto-v1/obj/src/frontend/ast_function.o build/product-first500-pareto-v1/obj/src/frontend/ast_global.o build/product-first500-pareto-v1/obj/src/frontend/lexer.o build/product-first500-pareto-v1/obj/src/frontend/parser_constant.o build/product-first500-pareto-v1/obj/src/frontend/parser_attribute.o build/product-first500-pareto-v1/obj/src/frontend/parser_declarator.o build/product-first500-pareto-v1/obj/src/frontend/parser_enum.o build/product-first500-pareto-v1/obj/src/frontend/parser_core.o build/product-first500-pareto-v1/obj/src/frontend/parser_expression.o build/product-first500-pareto-v1/obj/src/frontend/parser_function.o build/product-first500-pareto-v1/obj/src/frontend/parser_global.o build/product-first500-pareto-v1/obj/src/frontend/parser_member.o build/product-first500-pareto-v1/obj/src/frontend/parser_postfix.o build/product-first500-pareto-v1/obj/src/frontend/parser_record.o build/product-first500-pareto-v1/obj/src/frontend/parser_static_assert.o build/product-first500-pareto-v1/obj/src/frontend/parser_statement.o build/product-first500-pareto-v1/obj/src/frontend/parser_string.o build/product-first500-pareto-v1/obj/src/frontend/parser_type.o build/product-first500-pareto-v1/obj/src/frontend/parser_type_query.o build/product-first500-pareto-v1/obj/src/frontend/parser_typedef.o build/product-first500-pareto-v1/obj/src/frontend/token.o build/product-first500-pareto-v1/obj/src/frontend/type.o build/product-first500-pareto-v1/obj/src/target/data_layout.o build/product-first500-pareto-v1/obj/src/target/target_info.o build/product-first500-pareto-v1/obj/src/target/riscv64/abi.o build/product-first500-pareto-v1/obj/src/target/riscv64/layout.o build/product-first500-pareto-v1/obj/src/target/riscv64/codegen_support.o build/product-first500-pareto-v1/obj/src/target/riscv64/core_codegen.o build/product-first500-pareto-v1/obj/src/target/riscv64/codegen_expression.o build/product-first500-pareto-v1/obj/src/target/riscv64/codegen_inline_asm.o build/product-first500-pareto-v1/obj/src/target/riscv64/codegen_statement.o build/product-first500-pareto-v1/obj/src/target/riscv64/codegen_function.o build/product-first500-pareto-v1/obj/tools/minic/main.o   -o "build/product-first500-pareto-v1/bin/minic"
/home/runner/work/minic-toolchain/minic-toolchain/build/product-first500-pareto-v1/tests/first500-pareto-v1/record_field_nonstring_attribute.i:5:61: error: runtime record array field initializer requires braces
