INITIALIZER_ARRAY_PLAN_V1_MATERIALIZED
PASS format mode=check formatter=clang-format-18 files=70 scope=include,src,tools/minic
        parser, "multi-element runtime array range initializer requires an integer constant value");
cc  -Iinclude -Isrc -std=c11 -Wall -Wextra -Wpedantic -Wconversion -Wshadow -Wstrict-prototypes -Wmissing-prototypes -O2 -DNDEBUG -Werror -MMD -MP -c "src/compiler/compiler.c" -o "build/product-init-array/obj/src/compiler/compiler.o"
cc  -Iinclude -Isrc -std=c11 -Wall -Wextra -Wpedantic -Wconversion -Wshadow -Wstrict-prototypes -Wmissing-prototypes -O2 -DNDEBUG -Werror -MMD -MP -c "src/core/core_ir.c" -o "build/product-init-array/obj/src/core/core_ir.o"
cc  -Iinclude -Isrc -std=c11 -Wall -Wextra -Wpedantic -Wconversion -Wshadow -Wstrict-prototypes -Wmissing-prototypes -O2 -DNDEBUG -Werror -MMD -MP -c "src/core/core_lower.c" -o "build/product-init-array/obj/src/core/core_lower.o"
cc  -Iinclude -Isrc -std=c11 -Wall -Wextra -Wpedantic -Wconversion -Wshadow -Wstrict-prototypes -Wmissing-prototypes -O2 -DNDEBUG -Werror -MMD -MP -c "src/frontend/attribute.c" -o "build/product-init-array/obj/src/frontend/attribute.o"
cc  -Iinclude -Isrc -std=c11 -Wall -Wextra -Wpedantic -Wconversion -Wshadow -Wstrict-prototypes -Wmissing-prototypes -O2 -DNDEBUG -Werror -MMD -MP -c "src/frontend/ast.c" -o "build/product-init-array/obj/src/frontend/ast.o"
cc  -Iinclude -Isrc -std=c11 -Wall -Wextra -Wpedantic -Wconversion -Wshadow -Wstrict-prototypes -Wmissing-prototypes -O2 -DNDEBUG -Werror -MMD -MP -c "src/frontend/expression_semantics.c" -o "build/product-init-array/obj/src/frontend/expression_semantics.o"
cc  -Iinclude -Isrc -std=c11 -Wall -Wextra -Wpedantic -Wconversion -Wshadow -Wstrict-prototypes -Wmissing-prototypes -O2 -DNDEBUG -Werror -MMD -MP -c "src/frontend/ast_traversal.c" -o "build/product-init-array/obj/src/frontend/ast_traversal.o"
cc  -Iinclude -Isrc -std=c11 -Wall -Wextra -Wpedantic -Wconversion -Wshadow -Wstrict-prototypes -Wmissing-prototypes -O2 -DNDEBUG -Werror -MMD -MP -c "src/frontend/function_body.c" -o "build/product-init-array/obj/src/frontend/function_body.o"
cc  -Iinclude -Isrc -std=c11 -Wall -Wextra -Wpedantic -Wconversion -Wshadow -Wstrict-prototypes -Wmissing-prototypes -O2 -DNDEBUG -Werror -MMD -MP -c "src/frontend/initializer.c" -o "build/product-init-array/obj/src/frontend/initializer.o"
cc  -Iinclude -Isrc -std=c11 -Wall -Wextra -Wpedantic -Wconversion -Wshadow -Wstrict-prototypes -Wmissing-prototypes -O2 -DNDEBUG -Werror -MMD -MP -c "src/frontend/ast_verifier.c" -o "build/product-init-array/obj/src/frontend/ast_verifier.o"
cc  -Iinclude -Isrc -std=c11 -Wall -Wextra -Wpedantic -Wconversion -Wshadow -Wstrict-prototypes -Wmissing-prototypes -O2 -DNDEBUG -Werror -MMD -MP -c "src/frontend/cast_normalization.c" -o "build/product-init-array/obj/src/frontend/cast_normalization.o"
cc  -Iinclude -Isrc -std=c11 -Wall -Wextra -Wpedantic -Wconversion -Wshadow -Wstrict-prototypes -Wmissing-prototypes -O2 -DNDEBUG -Werror -MMD -MP -c "src/frontend/const_eval.c" -o "build/product-init-array/obj/src/frontend/const_eval.o"
cc  -Iinclude -Isrc -std=c11 -Wall -Wextra -Wpedantic -Wconversion -Wshadow -Wstrict-prototypes -Wmissing-prototypes -O2 -DNDEBUG -Werror -MMD -MP -c "src/frontend/ast_function.c" -o "build/product-init-array/obj/src/frontend/ast_function.o"
cc  -Iinclude -Isrc -std=c11 -Wall -Wextra -Wpedantic -Wconversion -Wshadow -Wstrict-prototypes -Wmissing-prototypes -O2 -DNDEBUG -Werror -MMD -MP -c "src/frontend/ast_global.c" -o "build/product-init-array/obj/src/frontend/ast_global.o"
cc  -Iinclude -Isrc -std=c11 -Wall -Wextra -Wpedantic -Wconversion -Wshadow -Wstrict-prototypes -Wmissing-prototypes -O2 -DNDEBUG -Werror -MMD -MP -c "src/frontend/lexer.c" -o "build/product-init-array/obj/src/frontend/lexer.o"
cc  -Iinclude -Isrc -std=c11 -Wall -Wextra -Wpedantic -Wconversion -Wshadow -Wstrict-prototypes -Wmissing-prototypes -O2 -DNDEBUG -Werror -MMD -MP -c "src/frontend/parser_constant.c" -o "build/product-init-array/obj/src/frontend/parser_constant.o"
cc  -Iinclude -Isrc -std=c11 -Wall -Wextra -Wpedantic -Wconversion -Wshadow -Wstrict-prototypes -Wmissing-prototypes -O2 -DNDEBUG -Werror -MMD -MP -c "src/frontend/parser_attribute.c" -o "build/product-init-array/obj/src/frontend/parser_attribute.o"
cc  -Iinclude -Isrc -std=c11 -Wall -Wextra -Wpedantic -Wconversion -Wshadow -Wstrict-prototypes -Wmissing-prototypes -O2 -DNDEBUG -Werror -MMD -MP -c "src/frontend/parser_declarator.c" -o "build/product-init-array/obj/src/frontend/parser_declarator.o"
cc  -Iinclude -Isrc -std=c11 -Wall -Wextra -Wpedantic -Wconversion -Wshadow -Wstrict-prototypes -Wmissing-prototypes -O2 -DNDEBUG -Werror -MMD -MP -c "src/frontend/parser_enum.c" -o "build/product-init-array/obj/src/frontend/parser_enum.o"
cc  -Iinclude -Isrc -std=c11 -Wall -Wextra -Wpedantic -Wconversion -Wshadow -Wstrict-prototypes -Wmissing-prototypes -O2 -DNDEBUG -Werror -MMD -MP -c "src/frontend/parser_core.c" -o "build/product-init-array/obj/src/frontend/parser_core.o"
cc  -Iinclude -Isrc -std=c11 -Wall -Wextra -Wpedantic -Wconversion -Wshadow -Wstrict-prototypes -Wmissing-prototypes -O2 -DNDEBUG -Werror -MMD -MP -c "src/frontend/parser_expression.c" -o "build/product-init-array/obj/src/frontend/parser_expression.o"
cc  -Iinclude -Isrc -std=c11 -Wall -Wextra -Wpedantic -Wconversion -Wshadow -Wstrict-prototypes -Wmissing-prototypes -O2 -DNDEBUG -Werror -MMD -MP -c "src/frontend/parser_function.c" -o "build/product-init-array/obj/src/frontend/parser_function.o"
cc  -Iinclude -Isrc -std=c11 -Wall -Wextra -Wpedantic -Wconversion -Wshadow -Wstrict-prototypes -Wmissing-prototypes -O2 -DNDEBUG -Werror -MMD -MP -c "src/frontend/parser_global.c" -o "build/product-init-array/obj/src/frontend/parser_global.o"
src/frontend/parser_global.c: In function ‘parse_static_scalar_array_transaction’:
src/frontend/parser_global.c:1155:85: error: null character(s) preserved in literal [-Werror]
 1155 |                 if (parser->diagnostic != NULL && parser->diagnostic->message[0] == ' ') {
      |                                                                                     ^
cc  -Iinclude -Isrc -std=c11 -Wall -Wextra -Wpedantic -Wconversion -Wshadow -Wstrict-prototypes -Wmissing-prototypes -O2 -DNDEBUG -Werror -MMD -MP -c "src/frontend/parser_member.c" -o "build/product-init-array/obj/src/frontend/parser_member.o"
cc  -Iinclude -Isrc -std=c11 -Wall -Wextra -Wpedantic -Wconversion -Wshadow -Wstrict-prototypes -Wmissing-prototypes -O2 -DNDEBUG -Werror -MMD -MP -c "src/frontend/parser_postfix.c" -o "build/product-init-array/obj/src/frontend/parser_postfix.o"
cc  -Iinclude -Isrc -std=c11 -Wall -Wextra -Wpedantic -Wconversion -Wshadow -Wstrict-prototypes -Wmissing-prototypes -O2 -DNDEBUG -Werror -MMD -MP -c "src/frontend/parser_record.c" -o "build/product-init-array/obj/src/frontend/parser_record.o"
cc  -Iinclude -Isrc -std=c11 -Wall -Wextra -Wpedantic -Wconversion -Wshadow -Wstrict-prototypes -Wmissing-prototypes -O2 -DNDEBUG -Werror -MMD -MP -c "src/frontend/parser_static_assert.c" -o "build/product-init-array/obj/src/frontend/parser_static_assert.o"
cc  -Iinclude -Isrc -std=c11 -Wall -Wextra -Wpedantic -Wconversion -Wshadow -Wstrict-prototypes -Wmissing-prototypes -O2 -DNDEBUG -Werror -MMD -MP -c "src/frontend/parser_statement.c" -o "build/product-init-array/obj/src/frontend/parser_statement.o"
cc  -Iinclude -Isrc -std=c11 -Wall -Wextra -Wpedantic -Wconversion -Wshadow -Wstrict-prototypes -Wmissing-prototypes -O2 -DNDEBUG -Werror -MMD -MP -c "src/frontend/parser_string.c" -o "build/product-init-array/obj/src/frontend/parser_string.o"
cc  -Iinclude -Isrc -std=c11 -Wall -Wextra -Wpedantic -Wconversion -Wshadow -Wstrict-prototypes -Wmissing-prototypes -O2 -DNDEBUG -Werror -MMD -MP -c "src/frontend/parser_type.c" -o "build/product-init-array/obj/src/frontend/parser_type.o"
cc  -Iinclude -Isrc -std=c11 -Wall -Wextra -Wpedantic -Wconversion -Wshadow -Wstrict-prototypes -Wmissing-prototypes -O2 -DNDEBUG -Werror -MMD -MP -c "src/frontend/parser_type_query.c" -o "build/product-init-array/obj/src/frontend/parser_type_query.o"
cc  -Iinclude -Isrc -std=c11 -Wall -Wextra -Wpedantic -Wconversion -Wshadow -Wstrict-prototypes -Wmissing-prototypes -O2 -DNDEBUG -Werror -MMD -MP -c "src/frontend/parser_typedef.c" -o "build/product-init-array/obj/src/frontend/parser_typedef.o"
cc1: all warnings being treated as errors
make: *** [Makefile:221: build/product-init-array/obj/src/frontend/parser_global.o] Error 1
make: *** Waiting for unfinished jobs....
